
=== olfactory: 8691 nodes, 100 sources, 113 targets
  size curve top200 done
  size curve rank200_1000 done
  size curve rank1000_2000 done
  v2LN30       k=2   cohort   4.979%  sum-of-singles   4.858%  superadd  1.02x  z +5.84
  lLN2T_c      k=4   cohort   4.379%  sum-of-singles   2.599%  superadd  1.68x  z +2.34
  il3LN6       k=2   cohort   2.017%  sum-of-singles   1.527%  superadd  1.32x  z +1.69
  MZ_lv2PN     k=2   cohort   3.006%  sum-of-singles   2.828%  superadd  1.06x  z +1.21
  AL-AST1      k=2   cohort   1.974%  sum-of-singles   1.908%  superadd  1.03x  z +0.78
  DP1m_adPN    k=2   cohort   0.682%  sum-of-singles   0.600%  superadd  1.14x  z -0.27
  VESa1_P02    k=2   cohort   0.986%  sum-of-singles   0.972%  superadd  1.01x  z +0.79
  lLN2F_b      k=4   cohort   1.182%  sum-of-singles   0.770%  superadd  1.53x  z -0.21
  LHPV10b1     k=2   cohort   0.314%  sum-of-singles   0.271%  superadd  1.16x  z -1.20
  CRE011       k=2   cohort   0.552%  sum-of-singles   0.324%  superadd  1.70x  z -0.41
  VES079       k=2   cohort   0.532%  sum-of-singles   0.190%  superadd  2.80x  z +0.26
  DM1_lPN      k=2   cohort   0.701%  sum-of-singles   0.344%  superadd  2.04x  z -0.01
  CB0448       k=2   cohort   0.332%  sum-of-singles   0.332%  superadd  1.00x  z +2307.45  [near-zero control]
  ALBN1        k=2   cohort   0.271%  sum-of-singles   0.270%  superadd  1.00x  z -0.59
  LHPD5c1      k=2   cohort   0.197%  sum-of-singles   0.167%  superadd  1.18x  z -0.99
  LHPV10d1     k=2   cohort   0.135%  sum-of-singles   0.124%  superadd  1.09x  z -1.02
  PLP096       k=2   cohort   0.350%  sum-of-singles   0.344%  superadd  1.02x  z -0.75
  lLN2T_b      k=4   cohort   1.053%  sum-of-singles   1.030%  superadd  1.02x  z +0.87
  DC1_adPN     k=2   cohort   1.293%  sum-of-singles   0.484%  superadd  2.67x  z +1.29
  LHAV2k8      k=2   cohort   0.148%  sum-of-singles   0.148%  superadd  1.00x  z -0.51
  VA2_adPN     k=2   cohort   3.520%  sum-of-singles   0.899%  superadd  3.91x  z +19.73
  VM4_adPN     k=2   cohort   1.471%  sum-of-singles   1.027%  superadd  1.43x  z +2.66
  VES013       k=2   cohort   0.445%  sum-of-singles   0.444%  superadd  1.00x  z -0.16
  PVLP076      k=2   cohort   0.453%  sum-of-singles   0.450%  superadd  1.01x  z -0.39
  AL-MBDL1     k=2   cohort   0.077%  sum-of-singles   0.030%  superadd  2.60x  z -1.01

=== mechanosensory: 13564 nodes, 100 sources, 1114 targets
  size curve top200 done
  size curve rank200_1000 done
  size curve rank1000_2000 done
  AN_GNG_89    k=2   cohort   0.951%  sum-of-singles   0.926%  superadd  1.03x  z +1.89
  DNg62        k=2   cohort   0.756%  sum-of-singles   0.762%  superadd  0.99x  z +1.55
  PS100        k=2   cohort   0.270%  sum-of-singles   0.238%  superadd  1.13x  z -0.42
  DNg84        k=2   cohort   0.194%  sum-of-singles   0.190%  superadd  1.02x  z -0.61
  DNge132      k=2   cohort   1.415%  sum-of-singles   1.415%  superadd  1.00x  z +6.65
  AVLP080      k=2   cohort   0.275%  sum-of-singles   0.267%  superadd  1.03x  z -0.35
  CB0021       k=2   cohort   0.311%  sum-of-singles   0.307%  superadd  1.01x  z -0.13
  CB0574       k=2   cohort   0.343%  sum-of-singles   0.333%  superadd  1.03x  z +0.10
  DNa03        k=2   cohort   0.184%  sum-of-singles   0.170%  superadd  1.08x  z -0.22
  CB0109       k=2   cohort   1.110%  sum-of-singles   1.069%  superadd  1.04x  z +2.76
  CB0534       k=2   cohort   0.179%  sum-of-singles   0.164%  superadd  1.09x  z +0.73
  AVLP340      k=2   cohort   0.399%  sum-of-singles   0.398%  superadd  1.00x  z +1.76
  CB0478       k=2   cohort   0.550%  sum-of-singles   0.540%  superadd  1.02x  z +1.00
  DNg100       k=2   cohort   0.094%  sum-of-singles   0.089%  superadd  1.05x  z +1.15
  DNg35        k=2   cohort   0.292%  sum-of-singles   0.287%  superadd  1.02x  z +0.48
  CB0443       k=2   cohort   0.070%  sum-of-singles   0.069%  superadd  1.02x  z -1.05
  AN_GNG_SAD_2 k=2   cohort   0.328%  sum-of-singles   0.322%  superadd  1.02x  z +0.88
  PVLP115      k=2   cohort   0.097%  sum-of-singles   0.083%  superadd  1.17x  z -0.55
  CB0442       k=2   cohort   0.302%  sum-of-singles   0.291%  superadd  1.04x  z +1.24
  VES005       k=2   cohort   0.086%  sum-of-singles   0.085%  superadd  1.00x  z -1.21
  DNge027      k=2   cohort   0.547%  sum-of-singles   0.540%  superadd  1.01x  z +2.30
  PVLP076      k=2   cohort   0.058%  sum-of-singles   0.058%  superadd  1.00x  z -0.54
  DNge123      k=2   cohort   0.155%  sum-of-singles   0.163%  superadd  0.95x  z +0.99
  PS124        k=2   cohort   0.134%  sum-of-singles   0.031%  superadd  4.35x  z -0.56
  CB0676       k=2   cohort   0.086%  sum-of-singles   0.086%  superadd  1.00x  z -0.69

=== visual: 24185 nodes, 100 sources, 105 targets
  size curve top200 done
  size curve rank200_1000 done
  size curve rank1000_2000 done
  CB0415       k=2   cohort   3.391%  sum-of-singles   2.013%  superadd  1.68x  z +1.06
  CB3716       k=2   cohort   2.339%  sum-of-singles   2.326%  superadd  1.01x  z +0.21
  cM15         k=2   cohort   1.781%  sum-of-singles   1.524%  superadd  1.17x  z -0.50
  OCG01d       k=2   cohort   7.575%  sum-of-singles   7.008%  superadd  1.08x  z +3.14
  CB0567       k=2   cohort   1.558%  sum-of-singles   0.734%  superadd  2.12x  z -0.16
  CB0478       k=2   cohort   2.308%  sum-of-singles   2.312%  superadd  1.00x  z +1.25
  Sm41         k=2   cohort   1.153%  sum-of-singles   1.109%  superadd  1.04x  z +0.21
  OCG01e       k=2   cohort   2.353%  sum-of-singles   2.282%  superadd  1.03x  z +2.76
  OA-AL2i1     k=2   cohort   1.045%  sum-of-singles   0.824%  superadd  1.27x  z +0.32
  DNp28        k=2   cohort   0.803%  sum-of-singles   0.571%  superadd  1.41x  z -0.11
  CB1350       k=2   cohort   0.000%  sum-of-singles   0.000%  superadd  1.36x  z -0.39
  DNp19        k=2   cohort   0.002%  sum-of-singles   0.001%  superadd  1.38x  z -0.82
  Sm42         k=2   cohort   0.576%  sum-of-singles   0.571%  superadd  1.01x  z -0.28
  OCG01b       k=2   cohort   4.099%  sum-of-singles   4.044%  superadd  1.01x  z +2.44
  PS126        k=2   cohort   2.136%  sum-of-singles   2.130%  superadd  1.00x  z +2.75
  PS276        k=2   cohort   1.125%  sum-of-singles   1.121%  superadd  1.00x  z +0.11
  OCG02b       k=2   cohort   4.741%  sum-of-singles   3.561%  superadd  1.33x  z +5.41
  MeMe_e02     k=12  cohort   1.547%  sum-of-singles   0.616%  superadd  2.51x  z +nan
  MTe01b       k=43  cohort   0.479%  sum-of-singles   0.351%  superadd  1.36x  z +0.37
  Pm14         k=4   cohort   0.253%  sum-of-singles   0.207%  superadd  1.22x  z +nan
  Li33         k=2   cohort   0.462%  sum-of-singles   0.379%  superadd  1.22x  z -0.32
  DNb06        k=2   cohort   0.130%  sum-of-singles   0.129%  superadd  1.01x  z +1182.44  [near-zero control]
  cM02b        k=2   cohort   0.194%  sum-of-singles   0.194%  superadd  1.00x  z -0.23
  OCG01f       k=2   cohort   0.945%  sum-of-singles   0.876%  superadd  1.08x  z -0.31
  Sm36         k=6   cohort   0.123%  sum-of-singles   0.123%  superadd  1.00x  z +nan

Cohort-size sweep -- size effect vs coherence effect
======================================================================

--- olfactory ---
  size curve (mean detour % of a random set of k neurons):
    band                   1        2        4        8       16       32
    top200             0.272    0.345    0.735    1.676    3.537    7.401
    rank200_1000       0.000    0.003    0.009    0.014    0.154    0.100
    rank1000_2000      0.000    0.000    0.000    0.000    0.000    0.000

  cell types tested: 25   superadditive (>1x): 24/25   median 1.14x
  beating rank-matched control at z>2: 5/25   (excluding near-zero-control cases: 5)

  cell type      k medrank   cohort  sum1by1  superadd       z  flag
  VA2_adPN       2     108   3.520%   0.899%     3.91x  +19.73
  VES079         2      62   0.532%   0.190%     2.80x   +0.26
  DC1_adPN       2     104   1.293%   0.484%     2.67x   +1.29
  AL-MBDL1       2     130   0.077%   0.030%     2.60x   -1.01
  DM1_lPN        2      36   0.701%   0.344%     2.04x   -0.01
  CRE011         2      22   0.552%   0.324%     1.70x   -0.41
  lLN2T_c        4       6   4.379%   2.599%     1.68x   +2.34
  lLN2F_b        4      32   1.182%   0.770%     1.53x   -0.21
  VM4_adPN       2     124   1.471%   1.027%     1.43x   +2.66
  il3LN6         2       8   2.017%   1.527%     1.32x   +1.69
  LHPD5c1        2      32   0.197%   0.167%     1.18x   -0.99
  LHPV10b1       2      19   0.314%   0.271%     1.16x   -1.20
  DP1m_adPN      2      12   0.682%   0.600%     1.14x   -0.27
  LHPV10d1       2      68   0.135%   0.124%     1.09x   -1.02
  MZ_lv2PN       2       6   3.006%   2.828%     1.06x   +1.21
  AL-AST1        2       9   1.974%   1.908%     1.03x   +0.78
  v2LN30         2       2   4.979%   4.858%     1.02x   +5.84
  lLN2T_b        4     102   1.053%   1.030%     1.02x   +0.87
  PLP096         2      32   0.350%   0.344%     1.02x   -0.75
  VESa1_P02      2      14   0.986%   0.972%     1.01x   +0.79
  PVLP076        2      48   0.453%   0.450%     1.01x   -0.39
  ALBN1          2      52   0.271%   0.270%     1.00x   -0.59
  VES013         2      48   0.445%   0.444%     1.00x   -0.16
  LHAV2k8        2      50   0.148%   0.148%     1.00x   -0.51
  CB0448         2    3626   0.332%   0.332%     1.00x+2307.45  near-zero ctl

--- mechanosensory ---
  size curve (mean detour % of a random set of k neurons):
    band                   1        2        4        8       16       32
    top200             0.041    0.198    0.343    0.857    1.502    2.923
    rank200_1000       0.008    0.043    0.074    0.111    0.225    0.321
    rank1000_2000      0.001    0.003    0.004    0.011    0.022    0.045

  cell types tested: 25   superadditive (>1x): 23/25   median 1.02x
  beating rank-matched control at z>2: 3/25   (excluding near-zero-control cases: 3)

  cell type      k medrank   cohort  sum1by1  superadd       z  flag
  PS124          2      43   0.134%   0.031%     4.35x   -0.56
  PVLP115        2      82   0.097%   0.083%     1.17x   -0.55
  PS100          2      20   0.270%   0.238%     1.13x   -0.42
  CB0534         2     136   0.179%   0.164%     1.09x   +0.73
  DNa03          2      20   0.184%   0.170%     1.08x   -0.22
  DNg100         2     286   0.094%   0.089%     1.05x   +1.15
  CB0109         2      18   1.110%   1.069%     1.04x   +2.76
  CB0442         2      46   0.302%   0.291%     1.04x   +1.24
  AVLP080        2      10   0.275%   0.267%     1.03x   -0.35
  CB0574         2      36   0.343%   0.333%     1.03x   +0.10
  AN_GNG_89      2       2   0.951%   0.926%     1.03x   +1.89
  DNg35          2      42   0.292%   0.287%     1.02x   +0.48
  CB0478         2      40   0.550%   0.540%     1.02x   +1.00
  AN_GNG_SAD_2   2      46   0.328%   0.322%     1.02x   +0.88
  DNg84          2      10   0.194%   0.190%     1.02x   -0.61
  CB0443         2      33   0.070%   0.069%     1.02x   -1.05
  CB0021         2       9   0.311%   0.307%     1.01x   -0.13
  DNge027        2      34   0.547%   0.540%     1.01x   +2.30
  VES005         2      54   0.086%   0.085%     1.00x   -1.21
  PVLP076        2     101   0.058%   0.058%     1.00x   -0.54
  AVLP340        2      20   0.399%   0.398%     1.00x   +1.76
  CB0676         2      43   0.086%   0.086%     1.00x   -0.69
  DNge132        2       8   1.415%   1.415%     1.00x   +6.65
  DNg62          2       6   0.756%   0.762%     0.99x   +1.55
  DNge123        2     261   0.155%   0.163%     0.95x   +0.99

--- visual ---
  size curve (mean detour % of a random set of k neurons):
    band                   1        2        4        8       16       32
    top200             0.591    0.148    0.694    2.778    4.271    6.550
    rank200_1000       0.000    0.000    0.000    0.000    0.000    0.000
    rank1000_2000      0.000    0.000    0.000    0.000    0.000    0.000

  cell types tested: 25   superadditive (>1x): 23/25   median 1.08x
  beating rank-matched control at z>2: 6/25   (excluding near-zero-control cases: 6)

  cell type      k medrank   cohort  sum1by1  superadd       z  flag
  MeMe_e02      12     102   1.547%   0.616%     2.51x    +nan
  CB0567         2      21   1.558%   0.734%     2.12x   -0.16
  CB0415         2       3   3.391%   2.013%     1.68x   +1.06
  DNp28          2      19   0.803%   0.571%     1.41x   -0.11
  DNp19          2      88   0.002%   0.001%     1.38x   -0.82
  CB1350         2     112   0.000%   0.000%     1.36x   -0.39
  MTe01b        43   16105   0.479%   0.351%     1.36x   +0.37
  OCG02b         2      43   4.741%   3.561%     1.33x   +5.41
  OA-AL2i1       2      18   1.045%   0.824%     1.27x   +0.32
  Pm14           4     118   0.253%   0.207%     1.22x    +nan
  Li33           2      48   0.462%   0.379%     1.22x   -0.32
  cM15           2       6   1.781%   1.524%     1.17x   -0.50
  OCG01d         2       8   7.575%   7.008%     1.08x   +3.14
  OCG01f         2      47   0.945%   0.876%     1.08x   -0.31
  Sm41           2      18   1.153%   1.109%     1.04x   +0.21
  OCG01e         2      18   2.353%   2.282%     1.03x   +2.76
  OCG01b         2      24   4.099%   4.044%     1.01x   +2.44
  Sm42           2      22   0.576%   0.571%     1.01x   -0.28
  DNb06          2   10646   0.130%   0.129%     1.01x+1182.44  near-zero ctl
  CB3716         2       6   2.339%   2.326%     1.01x   +0.21
  PS276          2      57   1.125%   1.121%     1.00x   +0.11
  PS126          2      30   2.136%   2.130%     1.00x   +2.75
  cM02b          2      78   0.194%   0.194%     1.00x   -0.23
  Sm36           6   16165   0.123%   0.123%     1.00x    +nan
  CB0478         2      20   2.308%   2.312%     1.00x   +1.25


